
============================================================
MODEL: microsoft/Phi-3.5-mini-instruct
============================================================
Loading microsoft/Phi-3.5-mini-instruct...
`torch_dtype` is deprecated! Use `dtype` instead!
`flash-attention` package not found, consider installing for better performance: No module named 'flash_attn'.
Current `flash-attention` does not support `window_size`. Either upgrade or use `attn_implementation='eager'`.
Loading checkpoint shards:   0%|          | 0/2 [00:00<?, ?it/s]Loading checkpoint shards:  50%|█████     | 1/2 [00:00<00:00,  1.41it/s]Loading checkpoint shards: 100%|██████████| 2/2 [00:01<00:00,  1.79it/s]Loading checkpoint shards: 100%|██████████| 2/2 [00:01<00:00,  1.72it/s]
  32 layers, 3.8B params

  Accumulated-context convergence test for microsoft/Phi-3.5-mini-instruct
  CCS: 10 turns, Phase2: 5 (structured), Reapply: 10, Novel: 0

  Phase 1: CCS conversation (10 turns)
You are not running the flash-attention implementation, expect numerical differences.
    Turn 2: resp=0.005195, relay=0.003112, σ₂=+0.1633
    Turn 3: resp=0.002671, relay=0.001445, σ₂=+0.1221
    Turn 4: resp=0.001200, relay=0.000638, σ₂=+0.0975
    Turn 5: resp=0.000782, relay=0.000465, σ₂=+0.0811
    Turn 6: resp=0.000403, relay=0.000258, σ₂=+0.0549
    Turn 7: resp=0.000330, relay=0.000209, σ₂=+0.0450
    Turn 8: resp=0.000261, relay=0.000170, σ₂=+0.0430
    Turn 9: resp=0.000117, relay=0.000084, σ₂=+0.0281
    Turn 10: resp=0.000091, relay=0.000070, σ₂=+0.0204

  Phase 2: structured injection (5 turns, keeping history)
    Turn 1: resp=0.003472, relay=0.004003, σ₂=-0.0595, H=4.673, stab=0.9965
    Turn 2: resp=0.000160, relay=0.000151, σ₂=+0.0230, H=4.781, stab=0.9998
    Turn 3: resp=0.000104, relay=0.000112, σ₂=+0.0174, H=4.854, stab=0.9999
    Turn 4: resp=0.000098, relay=0.000097, σ₂=+0.0181, H=4.926, stab=0.9999
    Turn 5: resp=0.000086, relay=0.000082, σ₂=+0.0159, H=4.989, stab=0.9999

  Phase 3: CCS re-application (10 turns, with full history)
    Turn 1: resp=0.002308, relay=0.002641, σ₂=+0.0716
    Turn 2: resp=0.000066, relay=0.000049, σ₂=+0.0160
    Turn 3: resp=0.000100, relay=0.000072, σ₂=+0.0152
    Turn 4: resp=0.000086, relay=0.000060, σ₂=+0.0141
    Turn 5: resp=0.000074, relay=0.000054, σ₂=+0.0132
    Turn 6: resp=0.000063, relay=0.000046, σ₂=+0.0105
    Turn 7: resp=0.002582, relay=0.000075, σ₂=+0.2814
    Turn 8: resp=0.000079, relay=0.000044, σ₂=+0.0240
    Turn 9: resp=0.000044, relay=0.000030, σ₂=+0.0178
    Turn 10: resp=0.000032, relay=0.000022, σ₂=+0.0141

  ============================================================
  CONVERGENCE ANALYSIS — microsoft/Phi-3.5-mini-instruct
  ============================================================
  Mean drift by phase:
    CCS first:  0.001228
    Vanilla:    0.000784
    CCS reapply:0.000543
  Transition disruption:
    CCS→vanilla: 0.003472
    vanilla→CCS: 0.002308
    Steady CCS:  0.000156
  Effective rank (CCS steady-state):
    Tunnel:    25.7
    Responsive:83.4
    Relay:     101.9
  Tunnel erank CCS→Phase2: 25.7 → 34.3 (Δ=+8.6)
    Vanilla disruption: 22.2× steady-state
    Reapply disruption: 14.8× steady-state
    → RECOGNITION: re-application less disruptive than dissolution

Saved to /workspace/exp_convergence_v2_20260604_1408.json
Total time: 105s
